[ap-havana.agentimage.com/index.html]
[backblue.gif]
[fade.gif]
[index.html]
[ap-havana.agentimage.com/xmlrpc.php]
[ap-havana.agentimage.com/comments/feed/index.html]
[ap-havana.agentimage.com/feed/index.html]
[ap-havana.agentimage.com/wp-includes/css/dist/block-library/style.min8217.css]
[www.idxhome.com/service/resources/dist/wordpress/bundle4e9e.css]
[resources.agentimage.com/fonts/agentimage.font.icons.css]
[resources.agentimage.com/bootstrap/bootstrap.min8217.css]
[resources.agentimage.com/libraries/css/aios-popup.min8217.css]
[resources.agentimage.com/libraries/css/frontend.min8217.css]
[resources.agentimage.com/libraries/css/animate.min8217.css]
[resources.agentimage.com/libraries/css/slick.min8217.css]
[ap-havana.agentimage.com/wp-content/plugins/aios-roadmaps/css/frontend/roadmap8217.css]
[ap-havana.agentimage.com/wp-content/plugins/aios-initial-setup/app/modules/ihf-fix-location-field-bleeding/css/aios-initial-setup-ihf-fix-location-field-bleeding.98217.delay]
[ap-havana.agentimage.com/wp-content/plugins/contact-form-7/includes/css/styles38c6.css]
[cdnjs.cloudflare.com/ajax/libs/leaflet/1.0.3/leaflet8217.css]
[cdn.maptiler.com/mapbox-gl-js/v0.53.0/mapbox-gl8217.css]
[ap-havana.agentimage.com/wp-content/plugins/AIOS_Listings/lib/html/autoload/listing-templates/bordeaux-tabled/css/style8217.css]
[ap-havana.agentimage.com/wp-content/themes/aios-starter-theme/style8217.css]
[ap-havana.agentimage.com/wp-content/themes/agentpro-havana/process-style8217.css]
[ap-havana.agentimage.com/wp-content/themes/agentpro-havana/style-media-queries8217.css]
[ap-havana.agentimage.com/wp-content/plugins/add-to-any/addtoany.min9be6.css]
[ap-havana.agentimage.com/wp-content/plugins/contact-form-7/includes/js/jquery-ui/themes/smoothness/jquery-ui.mine899.css]
[ap-havana.agentimage.com/wp-content/plugins/cyclone-slider/templates/dark/style55a0.css]
[ap-havana.agentimage.com/wp-content/plugins/cyclone-slider/templates/default/style55a0.css]
[ap-havana.agentimage.com/wp-content/plugins/cyclone-slider/templates/standard/style55a0.css]
[ap-havana.agentimage.com/wp-content/plugins/cyclone-slider/templates/thumbnails/style55a0.css]
[ap-havana.agentimage.com/wp-content/themes/agentpro-havana/cycloneslider/cyclone-slider2-responsive/style55a0.css]
[ap-havana.agentimage.com/wp-content/plugins/aios-all-widgets/modules/aios-mobile-header/views/lib/css/style8217.css]
[ap-havana.agentimage.com/wp-content/plugins/aios-all-widgets/modules/aios-mobile-header/views/lib/css/style-print8217.css]
[ap-havana.agentimage.com/wp-content/plugins/aios-all-widgets/modules/aios-mobile-header/views/frontend/header3a/css/style8217.css]
[resources.agentimage.com/libraries/jquery/jquery-1.12.4-wp4a5f.js]
[resources.agentimage.com/libraries/jquery-migrate/jquery-migrate-1.4.1-wp8952.js]
[ap-havana.agentimage.com/wp-content/plugins/add-to-any/addtoany.min4963.js]
[resources.agentimage.com/libraries/js/bowser-scripts.js]
[www.idxhome.com/service/resources/dist/wordpress/bundle4e9e.js]
[resources.agentimage.com/libraries/js/browser-selector.min.js]
[resources.agentimage.com/libraries/js/placeholders.min.js]
[resources.agentimage.com/libraries/js/lazysizes.min.js]
[resources.agentimage.com/bootstrap/bootstrap.min.js]
[resources.agentimage.com/libraries/js/jquery.nav-tab-double-tap.min.js]
[resources.agentimage.com/libraries/js/aios-popup.min.js]
[resources.agentimage.com/libraries/js/aios-default-libraries.min.js]
[resources.agentimage.com/libraries/js/aios-initial-setup-frontend.min.js]
[resources.agentimage.com/libraries/js/jquery.chain-height.min.js]
[resources.agentimage.com/libraries/js/jquery.elementpeek.min.js]
[resources.agentimage.com/libraries/js/aios-split-nav.min.js]
[ap-havana.agentimage.com/wp-content/plugins/aios-initial-setup/app/modules/contact-form-7-fix-date-field/js/contact-form7-normalize-date-field8217.js]
[cdnjs.cloudflare.com/ajax/libs/leaflet/1.0.3/leaflet8217.js]
[cdn.maptiler.com/mapbox-gl-leaflet/latest/leaflet-mapbox-gl8217.js]
[cdn.maptiler.com/mapbox-gl-js/v0.53.0/mapbox-gl8217.js]
[ap-havana.agentimage.com/wp-content/plugins/AIOS_Listings/lib/html/autoload/listing-templates/bordeaux-tabled/js/script.js]
[ap-havana.agentimage.com/wp-content/plugins/AIOS_Listings/lib/html/autoload/listing-templates/bordeaux-tabled/js/jquery.aios-listings-chain-height8217.js]
[resources.agentimage.com/libraries/js/global.min8217.js]
[ap-havana.agentimage.com/wp-content/themes/agentpro-havana/js/scripts8217.js]
[ap-havana.agentimage.com/wp-content/themes/agentpro-havana/install/virtual-page/js/virtual-page8217.js]
[ap-havana.agentimage.com/wp-content/plugins/aios-initial-setup/app/modules/ihf-cyclone-slider-conflict-fix/js/jquery.cycle2.min8217.js]
[ap-havana.agentimage.com/wp-includes/wlwmanifest.xml]
[static.addtoany.com/menu/page.js]
[ap-havana.agentimage.com/wp-content/uploads/2021/09/agentimage-favicon-32x32.png]
[ap-havana.agentimage.com/wp-content/uploads/2021/09/agentimage-favicon.png]
[ap-havana.agentimage.com/wp-content/themes/agentpro-havana/cycloneslider/cyclone-slider2-responsive/images/blank.gif]
[ap-havana.agentimage.com/wp-content/uploads/2016/07/slide-1.jpg]
[ap-havana.agentimage.com/wp-content/uploads/2016/07/slide-2.jpg]
[ap-havana.agentimage.com/wp-content/uploads/2016/07/slide-3.jpg]
[ap-havana.agentimage.com/wp-content/uploads/2016/07/slide-4.jpg]
[ap-havana.agentimage.com/wp-content/uploads/2016/07/slide-5.jpg]
[ap-havana.agentimage.com/wp-content/themes/agentpro-havana/images/realtor.jpg]
[ap-havana.agentimage.com/wp-content/uploads/2020/07/4048e53d-d491-46fe-9d4a-802a82116462-768x544.jpg]
[ap-havana.agentimage.com/wp-content/uploads/2020/07/4c2fc696-980e-4523-8084-d4a686141694-374x264.jpg]
[ap-havana.agentimage.com/find-my-dream-home/index.html]
[ap-havana.agentimage.com/wp-content/uploads/2020/07/1067e886-1db5-4c25-84c9-50f6d9608e0c-374x264.jpg]
[ap-havana.agentimage.com/what-is-my-home-worth/index.html]
[ap-havana.agentimage.com/help-me-relocate/index.html]
[ap-havana.agentimage.com/wp-content/uploads/2020/07/5306174d-77db-4d76-9fe3-40e8185b4969-374x264.jpg]
[ap-havana.agentimage.com/listing/2055-sand-point-discovery-bay-ca-94505/index.html]
[ap-havana.agentimage.com/listing/7820-old-auburn-road-citrus-heights-ca-95610/index.html]
[ap-havana.agentimage.com/wp-content/uploads/2020/06/ip-communities-1.jpg]
[ap-havana.agentimage.com/listing/5900-samhill-mine-court-el-dorado-ca-95623/index.html]
[ap-havana.agentimage.com/wp-content/uploads/2020/02/ip-communities-6.jpg]
[ap-havana.agentimage.com/wp-content/uploads/2020/02/ip-communities-5.jpg]
[ap-havana.agentimage.com/wp-content/uploads/2020/02/ip-communities-4.jpg]
[ap-havana.agentimage.com/wp-content/uploads/2020/02/ip-communities-3.jpg]
[ap-havana.agentimage.com/wp-content/uploads/2020/02/Remodeling-Projects-That-Will-Boost-Your-Homes-Value.jpg]
[ap-havana.agentimage.com/wp-content/uploads/2020/02/Signs-that-Now-is-the-Time-to-Sell-Your-Home.jpg]
[ap-havana.agentimage.com/blog/remodeling-projects-that-will-boost-your-homes-value/index.html]
[ap-havana.agentimage.com/blog/signs-that-now-is-the-time-to-sell-your-home/index.html]
[ap-havana.agentimage.com/wp-content/themes/agentpro-havana/images/centry-logo.png]
[resources.agentimage.com/libraries/jquery-ui/core.minc562.js]
[ap-havana.agentimage.com/sitemap/index.html]
[resources.agentimage.com/libraries/jquery-ui/datepicker.minc562.js]
[resources.agentimage.com/libraries/jquery-ui/widget.minc562.js]
[resources.agentimage.com/libraries/jquery-ui/position.minc562.js]
[resources.agentimage.com/libraries/jquery-ui/menu.minc562.js]
[ap-havana.agentimage.com/wp-includes/js/dist/vendor/wp-polyfill.min89b1.js]
[ap-havana.agentimage.com/wp-includes/js/dist/vendor/wp-polyfill-fetch.min6e0e.js]
[ap-havana.agentimage.com/wp-includes/js/dist/vendor/wp-polyfill-node-contains.minef84.js]
[ap-havana.agentimage.com/wp-includes/js/dist/vendor/wp-polyfill-formdata.mine9bd.js]
[ap-havana.agentimage.com/wp-includes/js/dist/vendor/wp-polyfill-element-closest.min4c56.js]
[ap-havana.agentimage.com/wp-includes/js/dist/dom-ready.min9776.js]
[ap-havana.agentimage.com/wp-includes/js/dist/a11y.min9776.js]
[resources.agentimage.com/libraries/jquery-ui/autocomplete.minc562.js]
[ap-havana.agentimage.com/wp-content/aios-initial-setup-cf7-formdata-compatibility/scripts38c6.js]
[resources.agentimage.com/libraries/js/slick.min.js]
[ap-havana.agentimage.com/wp-content/plugins/AIOS_Listings/lib/extras/mortgage-calculator/listing_mortgage_calculator8217.js]
[resources.agentimage.com/libraries/jquery-ui/button.minc562.js]
[www.idxhome.com/eureka/ihf-eureka4e9e.js]
[resources.agentimage.com/libraries/jquery-ui/spinner.minc562.js]
[ap-havana.agentimage.com/wp-content/plugins/cyclone-slider/libs/cycle2/jquery.cycle2.carousel.min55a0.js]
[ap-havana.agentimage.com/wp-content/plugins/cyclone-slider/libs/cycle2/jquery.cycle2.swipe.min55a0.js]
[ap-havana.agentimage.com/wp-content/plugins/cyclone-slider/libs/cycle2/jquery.cycle2.tile.min55a0.js]
[ap-havana.agentimage.com/wp-content/plugins/cyclone-slider/libs/cycle2/jquery.cycle2.video.min55a0.js]
[ap-havana.agentimage.com/wp-content/plugins/cyclone-slider/templates/dark/script55a0.js]
[ap-havana.agentimage.com/wp-content/plugins/cyclone-slider/templates/thumbnails/script55a0.js]
[ap-havana.agentimage.com/wp-content/plugins/cyclone-slider/libs/vimeo-player-js/player55a0.js]
[ap-havana.agentimage.com/wp-content/plugins/cyclone-slider/js/client55a0.js]
[ap-havana.agentimage.com/wp-content/plugins/aios-all-widgets/modules/aios-mobile-header/views/lib/js/aios-mobile-header-navigation8217.js]
[ap-havana.agentimage.com/wp-content/plugins/aios-all-widgets/modules/aios-mobile-header/views/lib/js/aios-mobile-header8217.js]
[ap-havana.agentimage.com/index.html]
[ap-havana.agentimage.com/xmlrpc.html]
[ap-havana.agentimage.com/wp-includes/js/wp-embed.min8217.js]
[www.idxhome.com/service/resources/dist/wordpress/fonts/glyphicons-halflings-regular.eot]
[www.idxhome.com/service/resources/dist/wordpress/fonts/glyphicons-halflings-regulard41d.eot]
[www.idxhome.com/service/resources/dist/wordpress/fonts/glyphicons-halflings-regular.woff]
[www.idxhome.com/service/resources/dist/wordpress/fonts/glyphicons-halflings-regular.ttf]
[www.idxhome.com/service/resources/dist/wordpress/fonts/glyphicons-halflings-regular.svg]
[www.idxhome.com/service/resources/dist/wordpress/fonts/fontawesome-webfont3e6e.eot]
[www.idxhome.com/service/resources/dist/wordpress/fonts/fontawesome-webfontd41d.eot]
[www.idxhome.com/service/resources/dist/wordpress/fonts/fontawesome-webfont3e6e.woff2]
[www.idxhome.com/service/resources/dist/wordpress/fonts/fontawesome-webfont3e6e.woff]
[www.idxhome.com/service/resources/dist/wordpress/fonts/fontawesome-webfont3e6e.ttf]
[www.idxhome.com/service/resources/dist/wordpress/fonts/fontawesome-webfont3e6e.svg]
[www.idxhome.com/service/resources/dist/wordpress/chosen-sprite.png]
[www.idxhome.com/service/resources/dist/wordpress/bundle4e9e.css]
[ap-havana.agentimage.com/wp-includes/css/dist/block-library/style.min8217.css]
[www.idxhome.com/service/resources/dist/wordpress/chosen-sprite@2x.png]
[resources.agentimage.com/fonts/agentimage90e2.woff2]
[resources.agentimage.com/fonts/agentimage.font.icons.css]
[resources.agentimage.com/bootstrap/bootstrap.min8217.css]
[resources.agentimage.com/libraries/css/aios-popup.min8217.css]
[resources.agentimage.com/libraries/css/frontend.min8217.css]
[resources.agentimage.com/images/loading-small.gif]
[resources.agentimage.com/libraries/css/animate.min8217.css]
[resources.agentimage.com/libraries/css/slick.min8217.css]
[ap-havana.agentimage.com/wp-content/plugins/aios-initial-setup/app/modules/ihf-fix-location-field-bleeding/css/aios-initial-setup-ihf-fix-location-field-bleeding.98217.delay]
[ap-havana.agentimage.com/wp-content/plugins/aios-roadmaps/css/frontend/roadmap8217.css]
[ap-havana.agentimage.com/wp-content/plugins/contact-form-7/images/ajax-loader.gif]
[ap-havana.agentimage.com/wp-content/plugins/contact-form-7/includes/css/styles38c6.css]
[cdnjs.cloudflare.com/ajax/libs/leaflet/1.0.3/images/layers.png]
[cdnjs.cloudflare.com/ajax/libs/leaflet/1.0.3/images/layers-2x.png]
[cdnjs.cloudflare.com/ajax/libs/leaflet/1.0.3/leaflet8217.css]
[cdnjs.cloudflare.com/ajax/libs/leaflet/1.0.3/images/marker-icon.png]
[cdn.maptiler.com/mapbox-gl-js/v0.53.0/mapbox-gl8217.css]
[ap-havana.agentimage.com/wp-content/plugins/AIOS_Listings/lib/html/autoload/listing-templates/bordeaux-tabled/images/select-arrow.png]
[ap-havana.agentimage.com/wp-content/plugins/AIOS_Listings/lib/html/autoload/listing-templates/bordeaux-tabled/images/prev.jpg]
[ap-havana.agentimage.com/wp-content/plugins/AIOS_Listings/lib/html/autoload/listing-templates/bordeaux-tabled/images/next.jpg]
[ap-havana.agentimage.com/wp-content/plugins/AIOS_Listings/lib/html/autoload/listing-templates/bordeaux-tabled/images/close-bttn.png]
[ap-havana.agentimage.com/wp-content/plugins/AIOS_Listings/lib/html/autoload/listing-templates/bordeaux-tabled/images/poptrans.png]
[ap-havana.agentimage.com/wp-content/plugins/AIOS_Listings/lib/html/autoload/listing-templates/bordeaux-tabled/images/ring-alt.gif]
[ap-havana.agentimage.com/wp-content/plugins/AIOS_Listings/lib/html/autoload/listing-templates/bordeaux-tabled/images/arrow-prev.png]
[ap-havana.agentimage.com/wp-content/plugins/AIOS_Listings/lib/html/autoload/listing-templates/bordeaux-tabled/images/arrow-next.png]
[ap-havana.agentimage.com/wp-content/plugins/AIOS_Listings/lib/html/autoload/listing-templates/bordeaux-tabled/css/style8217.css]
[ap-havana.agentimage.com/wp-content/themes/aios-starter-theme/images/submenu-fixer.png]
[ap-havana.agentimage.com/wp-content/themes/aios-starter-theme/images/landingpage-bg.jpg]
[ap-havana.agentimage.com/wp-content/themes/aios-starter-theme/images/landingpage-border-shadow.png]
[ap-havana.agentimage.com/wp-content/themes/aios-starter-theme/style8217.css]
[ap-havana.agentimage.com/wp-content/themes/agentpro-havana/images/slideoverlay.png]
[ap-havana.agentimage.com/wp-content/themes/agentpro-havana/images/qs-arrow.png]
[ap-havana.agentimage.com/wp-content/themes/agentpro-havana/images/slide-1.jpg]
[ap-havana.agentimage.com/wp-content/themes/agentpro-havana/process-style8217.css]
[ap-havana.agentimage.com/wp-content/themes/agentpro-havana/style-media-queries8217.css]
[ap-havana.agentimage.com/wp-content/themes/agentpro-havana/install/virtual-page/css/virtual-page8217.css]
[ap-havana.agentimage.com/wp-content/plugins/add-to-any/addtoany.min9be6.css]
[ap-havana.agentimage.com/wp-content/plugins/contact-form-7/includes/js/jquery-ui/themes/smoothness/images/ui-bg_flat_75_ffffff_40x100.png]
[ap-havana.agentimage.com/wp-content/plugins/contact-form-7/includes/js/jquery-ui/themes/smoothness/images/ui-bg_highlight-soft_75_cccccc_1x100.png]
[ap-havana.agentimage.com/wp-content/plugins/contact-form-7/includes/js/jquery-ui/themes/smoothness/images/ui-bg_glass_75_e6e6e6_1x400.png]
[ap-havana.agentimage.com/wp-content/plugins/contact-form-7/includes/js/jquery-ui/themes/smoothness/images/ui-bg_glass_75_dadada_1x400.png]
[ap-havana.agentimage.com/wp-content/plugins/contact-form-7/includes/js/jquery-ui/themes/smoothness/images/ui-bg_glass_65_ffffff_1x400.png]
[ap-havana.agentimage.com/wp-content/plugins/contact-form-7/includes/js/jquery-ui/themes/smoothness/images/ui-bg_glass_55_fbf9ee_1x400.png]
[ap-havana.agentimage.com/wp-content/plugins/contact-form-7/includes/js/jquery-ui/themes/smoothness/images/ui-bg_glass_95_fef1ec_1x400.png]
[ap-havana.agentimage.com/wp-content/plugins/contact-form-7/includes/js/jquery-ui/themes/smoothness/images/ui-icons_222222_256x240.png]
[ap-havana.agentimage.com/wp-content/plugins/contact-form-7/includes/js/jquery-ui/themes/smoothness/images/ui-icons_888888_256x240.png]
[ap-havana.agentimage.com/wp-content/plugins/contact-form-7/includes/js/jquery-ui/themes/smoothness/images/ui-icons_454545_256x240.png]
[ap-havana.agentimage.com/wp-content/plugins/contact-form-7/includes/js/jquery-ui/themes/smoothness/images/ui-icons_2e83ff_256x240.png]
[ap-havana.agentimage.com/wp-content/plugins/contact-form-7/includes/js/jquery-ui/themes/smoothness/images/ui-icons_cd0a0a_256x240.png]
[ap-havana.agentimage.com/wp-content/plugins/contact-form-7/includes/js/jquery-ui/themes/smoothness/images/ui-bg_flat_0_aaaaaa_40x100.png]
[ap-havana.agentimage.com/wp-content/plugins/contact-form-7/includes/js/jquery-ui/themes/smoothness/jquery-ui.mine899.css]
[ap-havana.agentimage.com/wp-content/plugins/cyclone-slider/templates/dark/style55a0.css]
[ap-havana.agentimage.com/wp-content/plugins/cyclone-slider/templates/default/images/sprite-arrows.png]
[ap-havana.agentimage.com/wp-content/plugins/cyclone-slider/templates/default/images/bg-caption.png]
[ap-havana.agentimage.com/wp-content/plugins/cyclone-slider/templates/default/style55a0.css]
[ap-havana.agentimage.com/wp-content/plugins/cyclone-slider/templates/standard/style55a0.css]
[ap-havana.agentimage.com/wp-content/plugins/cyclone-slider/templates/thumbnails/images/sprite-arrows.png]
[ap-havana.agentimage.com/wp-content/plugins/cyclone-slider/templates/thumbnails/images/bg-caption.png]
[ap-havana.agentimage.com/wp-content/plugins/cyclone-slider/templates/thumbnails/style55a0.css]
[ap-havana.agentimage.com/wp-content/themes/agentpro-havana/cycloneslider/cyclone-slider2-responsive/images/preloader.gif]
[ap-havana.agentimage.com/wp-content/themes/agentpro-havana/cycloneslider/cyclone-slider2-responsive/style55a0.css]
[ap-havana.agentimage.com/wp-content/plugins/aios-all-widgets/modules/aios-mobile-header/views/lib/css/style8217.css]
[ap-havana.agentimage.com/wp-content/plugins/aios-all-widgets/modules/aios-mobile-header/views/lib/css/style-print8217.css]
[ap-havana.agentimage.com/wp-content/plugins/aios-all-widgets/modules/aios-mobile-header/views/frontend/header3a/css/style8217.css]
[ap-havana.agentimage.com/about/index.html]
[ap-havana.agentimage.com/testimonials/index.html]
[ap-havana.agentimage.com/category/blog/index.html]
[ap-havana.agentimage.com/properties/index.html]
[ap-havana.agentimage.com/communities/index.html]
[ap-havana.agentimage.com/communities/auburn/index.html]
[ap-havana.agentimage.com/communities/cameron-park/index.html]
[ap-havana.agentimage.com/communities/citrus-heights/index.html]
[ap-havana.agentimage.com/communities/discovery-bay/index.html]
[ap-havana.agentimage.com/communities/el-dorado/index.html]
[ap-havana.agentimage.com/communities/el-dorado-hills/index.html]
[ap-havana.agentimage.com/buyers/index.html]
[ap-havana.agentimage.com/sellers/index.html]
[ap-havana.agentimage.com/contact-us/index.html]
[ap-havana.agentimage.com/wp-json/oembed/1.0/embed8df2.json]
[ap-havana.agentimage.com/find-my-dream-home/index.html]
[ap-havana.agentimage.com/wp-json/oembed/1.0/embed8480]
[ap-havana.agentimage.com/wp-json/oembed/1.0/embed17f3.json]
[ap-havana.agentimage.com/what-is-my-home-worth/index.html]
[ap-havana.agentimage.com/wp-json/oembed/1.0/embed42e7]
[ap-havana.agentimage.com/wp-json/oembed/1.0/embed0522.json]
[ap-havana.agentimage.com/help-me-relocate/index.html]
[ap-havana.agentimage.com/listing/4473-greenview-drive-el-dorado-hills-ca-9576/index.html]
[ap-havana.agentimage.com/wp-json/oembed/1.0/embed4f74]
[ap-havana.agentimage.com/wp-content/uploads/2020/07/4c2fc696-980e-4523-8084-d4a686141694.jpg]
[ap-havana.agentimage.com/listing/4473-greenview-drive-el-dorado-hills-ca-95762/index.html]
[ap-havana.agentimage.com/wp-json/oembed/1.0/embed9562.json]
[ap-havana.agentimage.com/wp-json/oembed/1.0/embed2973]
[ap-havana.agentimage.com/wp-content/uploads/2020/07/4c2fc696-980e-4523-8084-d4a686141694-751x525.jpg]
[ap-havana.agentimage.com/listing/index.html]
[ap-havana.agentimage.com/wp-content/plugins/AIOS_Listings/lib/html/autoload/listing-templates/bordeaux-tabled/images/slide-dummy.png]
[ap-havana.agentimage.com/wp-content/uploads/2020/07/99588216-1501-4503-bc12-5b415c564821-751x525.jpg]
[ap-havana.agentimage.com/wp-content/uploads/2020/07/de9d9a2d-57a6-4cfa-8ae2-9563b06171b9-751x525.jpg]
[ap-havana.agentimage.com/listing/2055-sand-point-discovery-bay-ca-94505/index.html]
[ap-havana.agentimage.com/property-status/for-sale/index.html]
[ap-havana.agentimage.com/property-type/condo-coop/index.html]
[ap-havana.agentimage.com/property-feature/fireplace/index.html]
[ap-havana.agentimage.com/wp-content/uploads/2020/07/1067e886-1db5-4c25-84c9-50f6d9608e0c.jpg]
[ap-havana.agentimage.com/property-feature/garage/index.html]
[ap-havana.agentimage.com/listing/2055-sand-point-discovery-bay-ca-94505/index2624.html]
[ap-havana.agentimage.com/wp-json/oembed/1.0/embede5ae.json]
[ap-havana.agentimage.com/wp-json/oembed/1.0/embed03cb]
[ap-havana.agentimage.com/wp-content/uploads/2020/07/0259ba2c-a153-4376-9e66-6b0fe76b4245-751x525.jpg]
[ap-havana.agentimage.com/wp-content/uploads/2020/07/1067e886-1db5-4c25-84c9-50f6d9608e0c-751x525.jpg]
[ap-havana.agentimage.com/listing/2864-hillcrest-drive-cameron-park-ca-95682/index.html]
[ap-havana.agentimage.com/wp-content/uploads/2020/07/a0ec4201-f8b9-4ea6-9b69-069e1a889023-751x525.jpg]
[ap-havana.agentimage.com/listing/7820-old-auburn-road-citrus-heights-ca-95610/index.html]
[ap-havana.agentimage.com/property-type/single-family/index.html]
[ap-havana.agentimage.com/listing/7820-old-auburn-road-citrus-heights-ca-95610/index2624.html]
[ap-havana.agentimage.com/wp-content/uploads/2020/07/5306174d-77db-4d76-9fe3-40e8185b4969.jpg]
[ap-havana.agentimage.com/wp-json/oembed/1.0/embed00d2.json]
[ap-havana.agentimage.com/wp-json/oembed/1.0/embedf017]
[ap-havana.agentimage.com/wp-content/uploads/2020/07/267f4be6-d10c-45c7-9efc-da7cb0e0a949-751x525.jpg]
[ap-havana.agentimage.com/wp-content/uploads/2020/07/529fc74d-b43d-4349-820e-dc17b18db1c9-751x525.jpg]
[ap-havana.agentimage.com/wp-content/uploads/2020/07/5306174d-77db-4d76-9fe3-40e8185b4969-751x525.jpg]
[ap-havana.agentimage.com/listing/5900-samhill-mine-court-el-dorado-ca-95623/index.html]
[ap-havana.agentimage.com/listing/5900-samhill-mine-court-el-dorado-ca-95623/index2624.html]
[ap-havana.agentimage.com/wp-json/oembed/1.0/embed2a6a.json]
[ap-havana.agentimage.com/wp-json/oembed/1.0/embed4ea4]
[ap-havana.agentimage.com/blog/remodeling-projects-that-will-boost-your-homes-value/index.html]
[ap-havana.agentimage.com/wp-json/oembed/1.0/embed2122.json]
[ap-havana.agentimage.com/blog/signs-that-now-is-the-time-to-sell-your-home/index.html]
[ap-havana.agentimage.com/wp-json/oembed/1.0/embed5274]
[ap-havana.agentimage.com/wp-json/oembed/1.0/embed2e2f.json]
[ap-havana.agentimage.com/sitemap/index.html]
[ap-havana.agentimage.com/wp-json/oembed/1.0/embed10b1]
[ap-havana.agentimage.com/buyers/choose-a-real-estate-agent/index.html]
[ap-havana.agentimage.com/buyers/deciding-to-buy/index.html]
[www.idxhome.com/service/resources/dist/wordpress/fonts/glyphicons-halflings-regular.svg]
[ap-havana.agentimage.com/buyers/moving-in/index.html]
[ap-havana.agentimage.com/buyers/escrow-inspections-and-appraisals/index.html]
[ap-havana.agentimage.com/buyers/preparing-to-buy/index.html]
[ap-havana.agentimage.com/buyers/time-to-go-shopping/index.html]
[www.idxhome.com/service/resources/dist/wordpress/fonts/fontawesome-webfont3e6e.svg]
[ap-havana.agentimage.com/financing/applications-processing/index.html]
[ap-havana.agentimage.com/financing/financing-options/index.html]
[ap-havana.agentimage.com/index9e38.html]
[ap-havana.agentimage.com/financing/funding/index.html]
[ap-havana.agentimage.com/financing/get-pre-approved/index.html]
[ap-havana.agentimage.com/index06d3.html]
[ap-havana.agentimage.com/financing/know-the-numbers/index.html]
[ap-havana.agentimage.com/index9d51.html]
[ap-havana.agentimage.com/financing/shop-for-a-loan/index.html]
[ap-havana.agentimage.com/sample-page/index.html]
[ap-havana.agentimage.com/sellers/accepting-an-offer/index.html]
[ap-havana.agentimage.com/sellers/close-of-escrow/index.html]
[ap-havana.agentimage.com/wp-content/uploads/2020/07/4048e53d-d491-46fe-9d4a-802a82116462.jpg]
[ap-havana.agentimage.com/sellers/deciding-to-sell/index.html]
[ap-havana.agentimage.com/sellers/escrow-inspections-and-appraisals/index.html]
[ap-havana.agentimage.com/wp-json/oembed/1.0/embed9935.json]
[ap-havana.agentimage.com/sellers/prepare-to-sell/index.html]
[ap-havana.agentimage.com/sellers/select-an-agent-and-price/index.html]
[ap-havana.agentimage.com/wp-json/oembed/1.0/embedc50e]
[ap-havana.agentimage.com/wp-content/plugins/AIOS_Listings/lib/html/autoload/listing-templates/bordeaux-tabled/images/prop-sold-icon.png]
[ap-havana.agentimage.com/wp-content/uploads/2020/07/4048e53d-d491-46fe-9d4a-802a82116462-751x525.jpg]
[ap-havana.agentimage.com/wp-content/uploads/2020/07/764465b7-26ee-4361-924c-08c381655db6-751x525.jpg]
[ap-havana.agentimage.com/wp-content/uploads/2020/07/e531da17-a25a-41f7-94d9-7c9d6e07304b-751x525.jpg]
[ap-havana.agentimage.com/listing/4473-greenview-drive-el-dorado-hills-ca-95762/index.html]
[ap-havana.agentimage.com/indexfbb7.html]
[ap-havana.agentimage.com/property-feature/basement/index.html]
[ap-havana.agentimage.com/property-status/sold/index.html]
[ap-havana.agentimage.com/listing/4473-greenview-drive-el-dorado-hills-ca-95762/index2624.html]
[ap-havana.agentimage.com/wp-content/uploads/2020/07/4048e53d-d491-46fe-9d4a-802a82116462-400x283.jpg]
[ap-havana.agentimage.com/wp-content/uploads/2020/07/5306174d-77db-4d76-9fe3-40e8185b4969-400x267.jpg]
[ap-havana.agentimage.com/listing/feed/index.html]
[ap-havana.agentimage.com/wp-content/uploads/2020/07/4c2fc696-980e-4523-8084-d4a686141694-400x267.jpg]
[ap-havana.agentimage.com/wp-content/uploads/2020/07/1067e886-1db5-4c25-84c9-50f6d9608e0c-400x266.jpg]
[ap-havana.agentimage.com/wp-content/uploads/2020/07/70fe39ef-9027-49ba-8e3a-ba47e6473c9b-400x300.jpg]
[ap-havana.agentimage.com/wp-content/uploads/2020/07/3a32d556-6387-446e-bdbe-125054a4f251-400x267.jpg]
[ap-havana.agentimage.com/listing/index.html]
[ap-havana.agentimage.com/property-type/condo-coop/index.html]
[ap-havana.agentimage.com/listing/6890-country-side-lane-auburn-ca-95602/index.html]
[ap-havana.agentimage.com/property-type/condo-coop/feed/index.html]
[ap-havana.agentimage.com/wp-content/uploads/2020/07/70fe39ef-9027-49ba-8e3a-ba47e6473c9b-374x264.jpg]
[ap-havana.agentimage.com/property-status/for-sale/feed/index.html]
[ap-havana.agentimage.com/wp-content/uploads/2020/07/3a32d556-6387-446e-bdbe-125054a4f251-374x264.jpg]
[ap-havana.agentimage.com/property-status/for-sale/index.html]
[ap-havana.agentimage.com/wp-content/uploads/2020/07/4048e53d-d491-46fe-9d4a-802a82116462-374x264.jpg]
[ap-havana.agentimage.com/property-feature/fireplace/index.html]
[ap-havana.agentimage.com/property-feature/fireplace/feed/index.html]
[ap-havana.agentimage.com/property-feature/garage/index.html]
[ap-havana.agentimage.com/property-feature/garage/feed/index.html]
[ap-havana.agentimage.com/wp-content/plugins/AIOS_Listings/lib/html/autoload/listing-templates/bordeaux-tabled/images/favicon.ico]
[ap-havana.agentimage.com/wp-content/plugins/AIOS_Listings/lib/html/autoload/listing-templates/bordeaux-tabled/images/fp-beds.jpg]
[ap-havana.agentimage.com/wp-content/plugins/AIOS_Listings/lib/html/autoload/listing-templates/bordeaux-tabled/images/fp-baths.jpg]
[ap-havana.agentimage.com/wp-content/plugins/AIOS_Listings/lib/html/autoload/listing-templates/bordeaux-tabled/images/fp-cars.jpg]
[ap-havana.agentimage.com/wp-content/plugins/AIOS_Listings/lib/html/autoload/listing-templates/bordeaux-tabled/images/pro-status.png]
[ap-havana.agentimage.com/wp-content/plugins/AIOS_Listings/lib/html/autoload/listing-templates/bordeaux-tabled/images/fp-address.png]
[ap-havana.agentimage.com/wp-content/plugins/AIOS_Listings/lib/html/autoload/listing-templates/bordeaux-tabled/images/pin-icon.png]
[ap-havana.agentimage.com/wp-content/plugins/AIOS_Listings/lib/html/autoload/listing-templates/bordeaux-tabled/images/phone-icon.png]
[ap-havana.agentimage.com/wp-content/plugins/AIOS_Listings/lib/html/autoload/listing-templates/bordeaux-tabled/images/mail-icon.png]
[ap-havana.agentimage.com/wp-content/plugins/AIOS_Listings/lib/html/autoload/listing-templates/bordeaux-tabled/images/prop-features.png]
[ap-havana.agentimage.com/wp-content/uploads/2020/07/4c2fc696-980e-4523-8084-d4a686141694-423x240.jpg]
[ap-havana.agentimage.com/wp-content/uploads/2020/07/de9d9a2d-57a6-4cfa-8ae2-9563b06171b9-162x79.jpg]
[ap-havana.agentimage.com/wp-content/uploads/2020/07/99588216-1501-4503-bc12-5b415c564821-162x79.jpg]
[ap-havana.agentimage.com/listing/2055-sand-point-discovery-bay-ca-94505/index2624.html]
[ap-havana.agentimage.com/indexfd09.html]
[ap-havana.agentimage.com/wp-content/uploads/2020/07/70fe39ef-9027-49ba-8e3a-ba47e6473c9b.jpg]
[ap-havana.agentimage.com/wp-json/oembed/1.0/embed874e.json]
[ap-havana.agentimage.com/wp-json/oembed/1.0/embed1656]
[ap-havana.agentimage.com/wp-content/uploads/2020/07/70fe39ef-9027-49ba-8e3a-ba47e6473c9b-751x525.jpg]
[ap-havana.agentimage.com/wp-content/uploads/2020/07/8090d63d-cb0e-4eec-a6ae-609134c7cc0f-751x525.jpg]
[ap-havana.agentimage.com/wp-content/uploads/2020/07/cc33fd60-d7ee-45c8-b3d0-2c2f0504459d-751x525.jpg]
[ap-havana.agentimage.com/listing/2864-hillcrest-drive-cameron-park-ca-95682/index.html]
[ap-havana.agentimage.com/listing/2864-hillcrest-drive-cameron-park-ca-95682/index2624.html]
[ap-havana.agentimage.com/property-type/single-family/index.html]
[ap-havana.agentimage.com/property-type/single-family/feed/index.html]
[ap-havana.agentimage.com/wp-content/uploads/2020/07/1067e886-1db5-4c25-84c9-50f6d9608e0c-423x240.jpg]
[ap-havana.agentimage.com/wp-content/uploads/2020/07/a0ec4201-f8b9-4ea6-9b69-069e1a889023-162x79.jpg]
[ap-havana.agentimage.com/wp-content/uploads/2020/07/0259ba2c-a153-4376-9e66-6b0fe76b4245-162x79.jpg]
[ap-havana.agentimage.com/listing/7820-old-auburn-road-citrus-heights-ca-95610/index2624.html]
[ap-havana.agentimage.com/index3d80.html]
[ap-havana.agentimage.com/wp-content/uploads/2020/07/5306174d-77db-4d76-9fe3-40e8185b4969-423x240.jpg]
[ap-havana.agentimage.com/wp-content/uploads/2020/07/529fc74d-b43d-4349-820e-dc17b18db1c9-162x79.jpg]
[ap-havana.agentimage.com/wp-content/uploads/2020/07/267f4be6-d10c-45c7-9efc-da7cb0e0a949-162x79.jpg]
[ap-havana.agentimage.com/listing/5900-samhill-mine-court-el-dorado-ca-95623/index2624.html]
[ap-havana.agentimage.com/indexdba8.html]
[ap-havana.agentimage.com/index9982.html]
[ap-havana.agentimage.com/indexf7f8.html]
[ap-havana.agentimage.com/wp-json/oembed/1.0/embede192.json]
[ap-havana.agentimage.com/buyers/choose-a-real-estate-agent/index.html]
[ap-havana.agentimage.com/wp-json/oembed/1.0/embed6b80]
[ap-havana.agentimage.com/wp-json/oembed/1.0/embed9a68.json]
[ap-havana.agentimage.com/buyers/deciding-to-buy/index.html]
[ap-havana.agentimage.com/wp-json/oembed/1.0/embeddf17]
[ap-havana.agentimage.com/wp-json/oembed/1.0/embed15a6.json]
[ap-havana.agentimage.com/wp-json/oembed/1.0/embed0ca7]
[ap-havana.agentimage.com/buyers/escrow-inspections-and-appraisals/index.html]
[ap-havana.agentimage.com/wp-json/oembed/1.0/embed4ee7.json]
[ap-havana.agentimage.com/buyers/moving-in/index.html]
[ap-havana.agentimage.com/wp-json/oembed/1.0/embed33ee]
[ap-havana.agentimage.com/wp-json/oembed/1.0/embed1e2e.json]
[ap-havana.agentimage.com/buyers/preparing-to-buy/index.html]
[ap-havana.agentimage.com/wp-json/oembed/1.0/embedc148]
[ap-havana.agentimage.com/wp-json/oembed/1.0/embed7b9f.json]
[ap-havana.agentimage.com/buyers/time-to-go-shopping/index.html]
[ap-havana.agentimage.com/financing/index.html]
[ap-havana.agentimage.com/wp-json/oembed/1.0/embedd96b]
[ap-havana.agentimage.com/wp-json/oembed/1.0/embedc07f.json]
[ap-havana.agentimage.com/financing/applications-processing/index.html]
[ap-havana.agentimage.com/wp-json/oembed/1.0/embed53f4]
[ap-havana.agentimage.com/wp-json/oembed/1.0/embed1842.json]
[ap-havana.agentimage.com/financing/financing-options/index.html]
[ap-havana.agentimage.com/wp-json/oembed/1.0/embedd5fe]
[ap-havana.agentimage.com/wp-json/oembed/1.0/embede30a.json]
[ap-havana.agentimage.com/financing/funding/index.html]
[ap-havana.agentimage.com/wp-json/oembed/1.0/embed52d7]
[ap-havana.agentimage.com/wp-json/oembed/1.0/embed286a.json]
[ap-havana.agentimage.com/financing/get-pre-approved/index.html]
[ap-havana.agentimage.com/wp-json/oembed/1.0/embeda11a]
[ap-havana.agentimage.com/wp-json/oembed/1.0/embed892e.json]
[ap-havana.agentimage.com/financing/know-the-numbers/index.html]
[ap-havana.agentimage.com/wp-json/oembed/1.0/embed7799]
[ap-havana.agentimage.com/wp-json/oembed/1.0/embed0fa5.json]
[ap-havana.agentimage.com/financing/shop-for-a-loan/index.html]
[ap-havana.agentimage.com/wp-json/oembed/1.0/embed7804]
[ap-havana.agentimage.com/wp-json/oembed/1.0/embed9906.json]
[ap-havana.agentimage.com/sample-page/feed/index.html]
[ap-havana.agentimage.com/sample-page/index.html]
[ap-havana.agentimage.com/wp-json/oembed/1.0/embed6375]
[ap-havana.agentimage.com/wp-json/oembed/1.0/embed5fb3.json]
[ap-havana.agentimage.com/sellers/accepting-an-offer/index.html]
[ap-havana.agentimage.com/wp-json/oembed/1.0/embedf97f]
[ap-havana.agentimage.com/wp-json/oembed/1.0/embedf126.json]
[ap-havana.agentimage.com/sellers/close-of-escrow/index.html]
[ap-havana.agentimage.com/wp-json/oembed/1.0/embeda140]
[ap-havana.agentimage.com/wp-json/oembed/1.0/embed7227.json]
[ap-havana.agentimage.com/sellers/deciding-to-sell/index.html]
[ap-havana.agentimage.com/wp-json/oembed/1.0/embed7208]
[ap-havana.agentimage.com/wp-json/oembed/1.0/embed96da.json]
[ap-havana.agentimage.com/sellers/escrow-inspections-and-appraisals/index.html]
[ap-havana.agentimage.com/wp-json/oembed/1.0/embed4a22]
[ap-havana.agentimage.com/wp-json/oembed/1.0/embed3f81.json]
[ap-havana.agentimage.com/sellers/prepare-to-sell/index.html]
[ap-havana.agentimage.com/wp-json/oembed/1.0/embed2604]
[ap-havana.agentimage.com/wp-json/oembed/1.0/embed1b8c.json]
[ap-havana.agentimage.com/sellers/select-an-agent-and-price/index.html]
[ap-havana.agentimage.com/index9a2e.html]
[ap-havana.agentimage.com/property-status/sold/index.html]
[ap-havana.agentimage.com/property-feature/basement/index.html]
[ap-havana.agentimage.com/wp-json/oembed/1.0/embedd51d]
[ap-havana.agentimage.com/property-status/sold/feed/index.html]
[ap-havana.agentimage.com/property-feature/basement/feed/index.html]
[ap-havana.agentimage.com/wp-content/uploads/2020/07/4048e53d-d491-46fe-9d4a-802a82116462-423x240.jpg]
[ap-havana.agentimage.com/wp-content/uploads/2020/07/e531da17-a25a-41f7-94d9-7c9d6e07304b-162x79.jpg]
[ap-havana.agentimage.com/wp-content/uploads/2020/07/764465b7-26ee-4361-924c-08c381655db6-162x79.jpg]
[ap-havana.agentimage.com/listing/4473-greenview-drive-el-dorado-hills-ca-95762/index2624.html]
[ap-havana.agentimage.com/wp-content/uploads/2020/07/3a32d556-6387-446e-bdbe-125054a4f251.jpg]
[ap-havana.agentimage.com/wp-json/oembed/1.0/embed8e0a.json]
[ap-havana.agentimage.com/wp-json/oembed/1.0/embed1bbc]
[ap-havana.agentimage.com/wp-content/uploads/2020/07/3a32d556-6387-446e-bdbe-125054a4f251-751x525.jpg]
[ap-havana.agentimage.com/wp-content/uploads/2020/07/20dd9b77-7a1e-4e47-8eef-cf82c54a7553-751x525.jpg]
[ap-havana.agentimage.com/wp-content/uploads/2020/07/b1fa3442-b573-4099-b10d-392049290d1a-751x525.jpg]
[ap-havana.agentimage.com/listing/6890-country-side-lane-auburn-ca-95602/index.html]
[ap-havana.agentimage.com/wp-content/plugins/AIOS_Listings/lib/html/autoload/listing-templates/bordeaux-tabled/images/favicon.html]
[ap-havana.agentimage.com/index553d.html]
[ap-havana.agentimage.com/wp-content/uploads/2020/07/70fe39ef-9027-49ba-8e3a-ba47e6473c9b-423x240.jpg]
[ap-havana.agentimage.com/wp-content/uploads/2020/07/cc33fd60-d7ee-45c8-b3d0-2c2f0504459d-162x79.jpg]
[ap-havana.agentimage.com/listing/6890-country-side-lane-auburn-ca-95602/index2624.html]
[ap-havana.agentimage.com/wp-content/uploads/2020/07/8090d63d-cb0e-4eec-a6ae-609134c7cc0f-162x79.jpg]
[ap-havana.agentimage.com/listing/2864-hillcrest-drive-cameron-park-ca-95682/index2624.html]
[ap-havana.agentimage.com/index8a2d.html]
[ap-havana.agentimage.com/index9cab.html]
[ap-havana.agentimage.com/index1ea8.html]
[ap-havana.agentimage.com/indexc5b3.html]
[ap-havana.agentimage.com/indexeb41.html]
[ap-havana.agentimage.com/index8229.html]
[ap-havana.agentimage.com/index0d4d.html]
[ap-havana.agentimage.com/index1fd7.html]
[ap-havana.agentimage.com/index25d0.html]
[ap-havana.agentimage.com/indexea45.html]
[ap-havana.agentimage.com/index086f.html]
[ap-havana.agentimage.com/index9ed7.html]
[ap-havana.agentimage.com/index905b.html]
[ap-havana.agentimage.com/wp-admin/index.html]
[ap-havana.agentimage.com/index13fe.html]
[ap-havana.agentimage.com/index26b1.html]
[ap-havana.agentimage.com/indexb5db.html]
[ap-havana.agentimage.com/indexd900.html]
[ap-havana.agentimage.com/indexde80.html]
[ap-havana.agentimage.com/index6a33.html]
[ap-havana.agentimage.com/indexd21a.html]
[ap-havana.agentimage.com/wp-content/uploads/2020/07/3a32d556-6387-446e-bdbe-125054a4f251-423x240.jpg]
[ap-havana.agentimage.com/wp-content/uploads/2020/07/b1fa3442-b573-4099-b10d-392049290d1a-162x79.jpg]
[ap-havana.agentimage.com/wp-content/uploads/2020/07/20dd9b77-7a1e-4e47-8eef-cf82c54a7553-162x79.jpg]
[ap-havana.agentimage.com/listing/6890-country-side-lane-auburn-ca-95602/index2624.html]
